﻿
> vite-project@0.0.0 build
> vite build

[36mvite v7.3.0 [32mbuilding client environment for production...[36m[39m
transforming...
[32mΓ£ô[39m 20 modules transformed.
node.exe : 
[31mΓ£ù[39m Build 
failed in 1.87s
At C:\Program Files\nod
ejs\npm.ps1:29 char:3
+   & $NODE_EXE 
$NPM_CLI_JS $args
+   ~~~~~~~~~~~~~~~~~~~
~~~~~~~~~~
    + CategoryInfo     
         : NotSpecifi  
  ed: ([31mΓ£ù[39m   
  Build failed in 1    
.87s:String) [], R    
emoteException
    + FullyQualifiedEr 
   rorId : NativeComm  
  andError
 
[31merror during 
build:
[31m[vite:react-babel]
 C:\Users\91743\OneDriv
e\Desktop\patiyyu\proje
ct(7-3)\vite-project\sr
c\components\AboutPage\
AboutPage.jsx: 
Unexpected token (1:1)

[0m[31m[1m>[22m[31
m[90m 1 |[31m [33m<<
[31m[33m<<[31m[33m<
<[31m[33m<[31m 
[33mHEAD[31m
 [90m   |[31m  
[31m[1m^[22m[31m
 [90m 2 |[31m
 [90m 3 |[31m [33m==
=[31m[33m===[31m[33
m=[31m
 [90m 4 |[31m [33m>>
>[31m[33m>>>[31m[33
m>[31m e85f1ae 
(nilam2)[0m[31m
file: [36mC:/Users/917
43/OneDrive/Desktop/pat
iyyu/project(7-3)/vite-
project/src/components/
AboutPage/AboutPage.jsx
:1:1[31m
    at constructor (C:\
Users\91743\OneDrive\De
sktop\patiyyu\project(7
-3)\vite-project\node_m
odules\@babel\parser\li
b\index.js:367:19)
    at 
JSXParserMixin.raise (C
:\Users\91743\OneDrive\
Desktop\patiyyu\project
(7-3)\vite-project\node
_modules\@babel\parser\
lib\index.js:6624:19)
    at JSXParserMixin.u
nexpected (C:\Users\917
43\OneDrive\Desktop\pat
iyyu\project(7-3)\vite-
project\node_modules\@b
abel\parser\lib\index.j
s:6644:16)
    at JSXParserMixin.j
sxParseIdentifier (C:\U
sers\91743\OneDrive\Des
ktop\patiyyu\project(7-
3)\vite-project\node_mo
dules\@babel\parser\lib
\index.js:4598:12)
    at JSXParserMixin.j
sxParseNamespacedName (
C:\Users\91743\OneDrive
\Desktop\patiyyu\projec
t(7-3)\vite-project\nod
e_modules\@babel\parser
\lib\index.js:4605:23)
    at JSXParserMixin.j
sxParseElementName (C:\
Users\91743\OneDrive\De
sktop\patiyyu\project(7
-3)\vite-project\node_m
odules\@babel\parser\li
b\index.js:4614:21)
    at JSXParserMixin.j
sxParseOpeningElementAt
 (C:\Users\91743\OneDri
ve\Desktop\patiyyu\proj
ect(7-3)\vite-project\n
ode_modules\@babel\pars
er\lib\index.js:4690:22
)
    at JSXParserMixin.j
sxParseElementAt (C:\Us
ers\91743\OneDrive\Desk
top\patiyyu\project(7-3
)\vite-project\node_mod
ules\@babel\parser\lib\
index.js:4715:33)
    at JSXParserMixin.j
sxParseElement (C:\User
s\91743\OneDrive\Deskto
p\patiyyu\project(7-3)\
vite-project\node_modul
es\@babel\parser\lib\in
dex.js:4778:17)
    at JSXParserMixin.p
arseExprAtom (C:\Users\
91743\OneDrive\Desktop\
patiyyu\project(7-3)\vi
te-project\node_modules
\@babel\parser\lib\inde
x.js:4788:19)
    at JSXParserMixin.p
arseExprSubscripts (C:\
Users\91743\OneDrive\De
sktop\patiyyu\project(7
-3)\vite-project\node_m
odules\@babel\parser\li
b\index.js:11145:23)
    at JSXParserMixin.p
arseUpdate (C:\Users\91
743\OneDrive\Desktop\pa
tiyyu\project(7-3)\vite
-project\node_modules\@
babel\parser\lib\index.
js:11130:21)
    at JSXParserMixin.p
arseMaybeUnary (C:\User
s\91743\OneDrive\Deskto
p\patiyyu\project(7-3)\
vite-project\node_modul
es\@babel\parser\lib\in
dex.js:11110:23)
    at JSXParserMixin.p
arseMaybeUnaryOrPrivate
 (C:\Users\91743\OneDri
ve\Desktop\patiyyu\proj
ect(7-3)\vite-project\n
ode_modules\@babel\pars
er\lib\index.js:10963:6
1)
    at JSXParserMixin.p
arseExprOps (C:\Users\9
1743\OneDrive\Desktop\p
atiyyu\project(7-3)\vit
e-project\node_modules\
@babel\parser\lib\index
.js:10968:23)
    at JSXParserMixin.p
arseMaybeConditional (C
:\Users\91743\OneDrive\
Desktop\patiyyu\project
(7-3)\vite-project\node
_modules\@babel\parser\
lib\index.js:10945:23)
    at JSXParserMixin.p
arseMaybeAssign (C:\Use
rs\91743\OneDrive\Deskt
op\patiyyu\project(7-3)
\vite-project\node_modu
les\@babel\parser\lib\i
ndex.js:10895:21)
    at JSXParserMixin.p
arseExpressionBase (C:\
Users\91743\OneDrive\De
sktop\patiyyu\project(7
-3)\vite-project\node_m
odules\@babel\parser\li
b\index.js:10848:23)
    at C:\Users\91743\O
neDrive\Desktop\patiyyu
\project(7-3)\vite-proj
ect\node_modules\@babel
\parser\lib\index.js:10
844:39
    at JSXParserMixin.a
llowInAnd (C:\Users\917
43\OneDrive\Desktop\pat
iyyu\project(7-3)\vite-
project\node_modules\@b
abel\parser\lib\index.j
s:12495:16)
    at JSXParserMixin.p
arseExpression (C:\User
s\91743\OneDrive\Deskto
p\patiyyu\project(7-3)\
vite-project\node_modul
es\@babel\parser\lib\in
dex.js:10844:17)
    at JSXParserMixin.p
arseStatementContent (C
:\Users\91743\OneDrive\
Desktop\patiyyu\project
(7-3)\vite-project\node
_modules\@babel\parser\
lib\index.js:12971:23)
    at JSXParserMixin.p
arseStatementLike (C:\U
sers\91743\OneDrive\Des
ktop\patiyyu\project(7-
3)\vite-project\node_mo
dules\@babel\parser\lib
\index.js:12843:17)
    at JSXParserMixin.p
arseModuleItem (C:\User
s\91743\OneDrive\Deskto
p\patiyyu\project(7-3)\
vite-project\node_modul
es\@babel\parser\lib\in
dex.js:12820:17)
    at JSXParserMixin.p
arseBlockOrModuleBlockB
ody (C:\Users\91743\One
Drive\Desktop\patiyyu\p
roject(7-3)\vite-projec
t\node_modules\@babel\p
arser\lib\index.js:1339
2:36)
    at JSXParserMixin.p
arseBlockBody (C:\Users
\91743\OneDrive\Desktop
\patiyyu\project(7-3)\v
ite-project\node_module
s\@babel\parser\lib\ind
ex.js:13385:10)
    at JSXParserMixin.p
arseProgram (C:\Users\9
1743\OneDrive\Desktop\p
atiyyu\project(7-3)\vit
e-project\node_modules\
@babel\parser\lib\index
.js:12698:10)
    at JSXParserMixin.p
arseTopLevel (C:\Users\
91743\OneDrive\Desktop\
patiyyu\project(7-3)\vi
te-project\node_modules
\@babel\parser\lib\inde
x.js:12688:25)
    at 
JSXParserMixin.parse (C
:\Users\91743\OneDrive\
Desktop\patiyyu\project
(7-3)\vite-project\node
_modules\@babel\parser\
lib\index.js:14568:25)
    at parse (C:\Users\
91743\OneDrive\Desktop\
patiyyu\project(7-3)\vi
te-project\node_modules
\@babel\parser\lib\inde
x.js:14602:38)
    at parser (C:\Users
\91743\OneDrive\Desktop
\patiyyu\project(7-3)\v
ite-project\node_module
s\@babel\core\lib\parse
r\index.js:41:34)
    at parser.next 
(<anonymous>)
    at normalizeFile (C
:\Users\91743\OneDrive\
Desktop\patiyyu\project
(7-3)\vite-project\node
_modules\@babel\core\li
b\transformation\normal
ize-file.js:64:37)
    at 
normalizeFile.next 
(<anonymous>)
    at run (C:\Users\91
743\OneDrive\Desktop\pa
tiyyu\project(7-3)\vite
-project\node_modules\@
babel\core\lib\transfor
mation\index.js:22:50)
    at run.next 
(<anonymous>)
    at transform (C:\Us
ers\91743\OneDrive\Desk
top\patiyyu\project(7-3
)\vite-project\node_mod
ules\@babel\core\lib\tr
ansform.js:22:33)
    at transform.next 
(<anonymous>)
    at step (C:\Users\9
1743\OneDrive\Desktop\p
atiyyu\project(7-3)\vit
e-project\node_modules\
gensync\index.js:261:32
)
    at evaluateAsync (C
:\Users\91743\OneDrive\
Desktop\patiyyu\project
(7-3)\vite-project\node
_modules\gensync\index.
js:291:5)
    at C:\Users\91743\O
neDrive\Desktop\patiyyu
\project(7-3)\vite-proj
ect\node_modules\gensyn
c\index.js:93:9
    at new Promise 
(<anonymous>)
    at async (C:\Users\
91743\OneDrive\Desktop\
patiyyu\project(7-3)\vi
te-project\node_modules
\gensync\index.js:92:14
)
    at stopHiding - 
secret - don't use 
this - v1 (C:\Users\917
43\OneDrive\Desktop\pat
iyyu\project(7-3)\vite-
project\node_modules\@b
abel\core\lib\errors\re
write-stack-trace.js:47
:12)
    at 
Module.transformAsync (
C:\Users\91743\OneDrive
\Desktop\patiyyu\projec
t(7-3)\vite-project\nod
e_modules\@babel\core\l
ib\transform.js:45:77)
    at Object.handler (
file:///C:/Users/91743/
OneDrive/Desktop/patiyy
u/project(7-3)/vite-pro
ject/node_modules/@vite
js/plugin-react/dist/in
dex.js:206:46)[39m
